
Memory Configuration

Name             Origin             Length             Attributes
flash            0x08000000         0x00020000         xr
sram             0x20000000         0x00005000         xrw
*default*        0x00000000         0xffffffff

Linker script and memory map


.text           0x08000000      0x1ae
 *(.vectors*)
 .vectors       0x08000000       0x4c startup.o
 *(.text*)
 .text          0x0800004c       0x1c Alarm_Minitor.o
                0x0800004c                Start_Alarm
                0x0800005a                Stop_Alarm
 .text          0x08000068       0xc4 driver.o
                0x08000068                Delay
                0x08000088                getPressureVal
                0x080000a0                Set_Alarm_actuator
                0x080000dc                GPIO_INITIALIZATION
 .text          0x0800012c       0x16 main.o
                0x0800012c                main
 *fill*         0x08000142        0x2 
 .text          0x08000144       0x4c Main_Algorithm.o
                0x08000144                App_init
                0x08000150                High_Pressure_detection_system_APP
 .text          0x08000190       0x16 Pressure_Sensor_Driver.o
                0x08000190                Get_P_Val
 .text          0x080001a6        0x8 startup.o

.data           0x080001b0        0x8
 .data          0x080001b0        0x0 Alarm_Minitor.o
 .data          0x080001b0        0x0 driver.o
 .data          0x080001b0        0x0 main.o
 .data          0x080001b0        0x8 Main_Algorithm.o
                0x080001b0                threshold
                0x080001b4                Alaram_Period
 .data          0x080001b8        0x0 Pressure_Sensor_Driver.o
 .data          0x080001b8        0x0 startup.o

.igot.plt       0x080001b8        0x0
 .igot.plt      0x080001b8        0x0 Alarm_Minitor.o

.glue_7         0x080001b8        0x0
 .glue_7        0x080001b8        0x0 linker stubs

.glue_7t        0x080001b8        0x0
 .glue_7t       0x080001b8        0x0 linker stubs

.vfp11_veneer   0x080001b8        0x0
 .vfp11_veneer  0x080001b8        0x0 linker stubs

.v4_bx          0x080001b8        0x0
 .v4_bx         0x080001b8        0x0 linker stubs

.iplt           0x080001b8        0x0
 .iplt          0x080001b8        0x0 Alarm_Minitor.o

.rel.dyn        0x080001b8        0x0
 .rel.iplt      0x080001b8        0x0 Alarm_Minitor.o

.bss            0x20000000        0x0
 *(.bss*)
 .bss           0x20000000        0x0 Alarm_Minitor.o
 .bss           0x20000000        0x0 driver.o
 .bss           0x20000000        0x0 main.o
 .bss           0x20000000        0x0 Main_Algorithm.o
 .bss           0x20000000        0x0 Pressure_Sensor_Driver.o
 .bss           0x20000000        0x0 startup.o
LOAD Alarm_Minitor.o
LOAD driver.o
LOAD main.o
LOAD Main_Algorithm.o
LOAD Pressure_Sensor_Driver.o
LOAD startup.o
OUTPUT(learn-in-depth-cortexM4.elf elf32-littlearm)

.debug_info     0x00000000     0x30cf
 .debug_info    0x00000000      0x99f Alarm_Minitor.o
 .debug_info    0x0000099f      0xa05 driver.o
 .debug_info    0x000013a4      0x98f main.o
 .debug_info    0x00001d33      0x9d8 Main_Algorithm.o
 .debug_info    0x0000270b      0x99e Pressure_Sensor_Driver.o
 .debug_info    0x000030a9       0x26 startup.o

.debug_abbrev   0x00000000      0x81d
 .debug_abbrev  0x00000000      0x176 Alarm_Minitor.o
 .debug_abbrev  0x00000176      0x1de driver.o
 .debug_abbrev  0x00000354      0x17a main.o
 .debug_abbrev  0x000004ce      0x1b2 Main_Algorithm.o
 .debug_abbrev  0x00000680      0x189 Pressure_Sensor_Driver.o
 .debug_abbrev  0x00000809       0x14 startup.o

.debug_loc      0x00000000      0x290
 .debug_loc     0x00000000       0x58 Alarm_Minitor.o
 .debug_loc     0x00000058      0x140 driver.o
 .debug_loc     0x00000198       0x2c main.o
 .debug_loc     0x000001c4       0x7c Main_Algorithm.o
 .debug_loc     0x00000240       0x50 Pressure_Sensor_Driver.o

.debug_aranges  0x00000000       0xc0
 .debug_aranges
                0x00000000       0x20 Alarm_Minitor.o
 .debug_aranges
                0x00000020       0x20 driver.o
 .debug_aranges
                0x00000040       0x20 main.o
 .debug_aranges
                0x00000060       0x20 Main_Algorithm.o
 .debug_aranges
                0x00000080       0x20 Pressure_Sensor_Driver.o
 .debug_aranges
                0x000000a0       0x20 startup.o

.debug_line     0x00000000      0x6b0
 .debug_line    0x00000000      0x12b Alarm_Minitor.o
 .debug_line    0x0000012b      0x1b9 driver.o
 .debug_line    0x000002e4      0x12d main.o
 .debug_line    0x00000411      0x132 Main_Algorithm.o
 .debug_line    0x00000543      0x132 Pressure_Sensor_Driver.o
 .debug_line    0x00000675       0x3b startup.o

.debug_str      0x00000000      0x5f4
 .debug_str     0x00000000      0x500 Alarm_Minitor.o
                                0x558 (size before relaxing)
 .debug_str     0x00000500       0x57 driver.o
                                0x591 (size before relaxing)
 .debug_str     0x00000557        0xc main.o
                                0x53d (size before relaxing)
 .debug_str     0x00000563       0x55 Main_Algorithm.o
                                0x58c (size before relaxing)
 .debug_str     0x000005b8       0x23 Pressure_Sensor_Driver.o
                                0x55a (size before relaxing)
 .debug_str     0x000005db       0x19 startup.o
                                 0x6e (size before relaxing)

.comment        0x00000000       0x7e
 .comment       0x00000000       0x7e Alarm_Minitor.o
                                 0x7f (size before relaxing)
 .comment       0x0000007e       0x7f driver.o
 .comment       0x0000007e       0x7f main.o
 .comment       0x0000007e       0x7f Main_Algorithm.o
 .comment       0x0000007e       0x7f Pressure_Sensor_Driver.o

.ARM.attributes
                0x00000000       0x31
 .ARM.attributes
                0x00000000       0x33 Alarm_Minitor.o
 .ARM.attributes
                0x00000033       0x33 driver.o
 .ARM.attributes
                0x00000066       0x33 main.o
 .ARM.attributes
                0x00000099       0x33 Main_Algorithm.o
 .ARM.attributes
                0x000000cc       0x33 Pressure_Sensor_Driver.o
 .ARM.attributes
                0x000000ff       0x21 startup.o

.debug_frame    0x00000000      0x198
 .debug_frame   0x00000000       0x48 Alarm_Minitor.o
 .debug_frame   0x00000048       0xa0 driver.o
 .debug_frame   0x000000e8       0x2c main.o
 .debug_frame   0x00000114       0x50 Main_Algorithm.o
 .debug_frame   0x00000164       0x34 Pressure_Sensor_Driver.o
